[index.html]
[backblue.gif]
[fade.gif]
[index.html]
[images/social-share-img.jpg]
[analytics.js]
[en_US/fbevents.js]
[cms/includes/h0sddod34x_.1908271804511.css]
[images/brand/logo.png]
[cms/includes/fpgvj2cxo8r.1908271804511.js]
[cms/svg/agmh0e1vfm2.svg]
[blog/index.html]
[reviews/index.html]
[case-results/index.html]
[images/panels/mainstage-bg-dark.jpg]
[about-us/community-involvement/index.html]
[about-us/index.html]
[video-center/our-videos/index.html]
[attorneys/index.html]
[images/ctas/small-cta-1.jpg]
[attorneys/zachary-benninga/index.html]
[attorneys/thomas-j-maronick-jr-/index.html]
[attorneys/henry-barnes/index.html]
[attorneys/steve-beadle/index.html]
[attorneys/mike-mastracci/index.html]
[images/ctas/small-cta-2.9.delayed]
[attorneys/richard-i-martel-jr-/index.html]
[criminal-defense/index.html]
[criminal-defense/dui-and-dwi/index.html]
[criminal-defense/bui-and-bwi/index.html]
[images/ctas/small-cta-3.jpg]
[criminal-defense/gun-crimes/index.html]
[criminal-defense/drug-crimes/index.html]
[criminal-defense/violent-crimes/index.html]
[criminal-defense/federal-crimes/index.html]
[images/ctas/small-cta-4.jpg]
[criminal-defense/bench-warrants/index.html]
[criminal-defense/serious-traffic-defense/index.html]
[criminal-defense/sex-crimes/index.html]
[criminal-defense/child-pornography/index.html]
[shared/images/spacer.gif]
[criminal-defense/theft-crimes/index.html]
[criminal-defense/white-collar-crimes/index.html]
[personal-injury/index.html]
[personal-injury/car-accidents/index.html]
[images/panels/content-banner-2.jpg]
[personal-injury/truck-accidents/index.html]
[personal-injury/motorcycle-accidents/index.html]
[media/The-Law-Office-of-Thomas-J-Maronick-Jr-Video-Baltimore-MD.mp4]
[personal-injury/airline-boat-accidents/index.html]
[personal-injury/pedestrian-bicycle-accidents/index.html]
[personal-injury/product-liability/index.html]
[media/vpics/The-Law-Office-of-Thomas-J-Maronick-Jr-Video-Baltimore-MD_20171102113138.png]
[personal-injury/slip-and-fall/index.html]
[personal-injury/medical-malpractice/index.html]
[other-practice-areas/index.html]
[images/panels/values-bg-light.jpg]
[other-practice-areas/family-law/index.html]
[other-practice-areas/bankruptcy-debt/index.html]
[images/panels/reviews-system-bg-dark.jpg]
[other-practice-areas/police-brutality/index.html]
[common/js/j/ui.mobile.js]
[other-practice-areas/real-estate-commercial-law/index.html]
[contact-us/index.html]
[other-practice-areas/entertainment-law/index.html]
[includes/js/scrolling-list-script.js]
[contact-us/our-other-locations/index.html]
[ocean-city-criminal-defense/index.html]
[ocean-city-criminal-defense/dui/index.html]
[includes/js/tabs-script.js]
[images/panels/staff-img-dark.jpg]
[images/attorney-iso-portrait.png]
[images/panels/case-results-system-bg-dark.jpg]
[images/panels/content-img-square.jpg]
[images/panels/Accolades-BG.jpg]
[images/awards/BirdEye_Badge_1000x1000px.png]
[images/awards/Untitled-1.png]
[images/awards/Super-Lawyers.png]
[images/awards/VIP-list.png]
[images/awards/best-attorneys-america.png]
[images/awards/top-100-trial.png]
[images/awards/newsweek-legal-superstars.png]
[images/awards/national-college.png]
[images/awards/NACDL.png]
[images/awards/Lead-counsel.png]
[images/panels/services-bg-light.jpg]
[images/services/services-tall-1.jpg]
[images/services/services-tall-2.jpg]
[images/services/services-tall-3.jpg]
[images/services/services-tall-4.jpg]
[images/panels/Map-BG.jpg]
[images/panels/blog-BG.jpg]
[images/panels/cta-bg-dark.jpg]
[blog/2019/september/maryland-court-rules-that-teen-involved-in-sexti/index.html]
[blog/2019/september/marijuana-smell-and-amount-under-10-grams-was-no/index.html]
[blog/2019/august/appeals-court-throws-out-womans-drug-conviction-/index.html]
[images/brand/logo-footer.png]
[images/client-footer-logos/legal-logo.png]
[chat-v3-min.js]
[privacy-policy/index.html]
[site-map/index.html]
[cms/includes/95q_npcwwux.1906281604288.js]
[css/stapcjvd39n.css]
[includes/fonts/source-sans-pro-2.css]
[index.html]
[en_US/fbevents.js]
[common/images/sprite24.png]
[images/callouts/content-cta-bg.jpg]
[Admin/images2/divet4.gif]
[Shared/images2/Systems/Reviews_Icons.png]
[Shared/videovault/theme/video_sprite.png]
[cms/includes/h0sddod34x_.1908271804511.css]
[cms/includes/twjd_t96ql9.1908271804511.css]
[Shared/images/spacer-2.gif]
[blog/2019/august/accused-child-sex-abusers-reputation-for-good-de/index.html]
[blog/2019/july/allstate-insurance-once-again-declares-that-balt/index.html]
[blog/2019/july/the-statue-of-limitations-for-claims-on-your-aut/index.html]
[cms/includes/tnyiywkvcwx.1906281604288.js]
[blog/index.html]
[blog/2019/june/anne-arundel-man-waived-right-to-contest-the-ter/index.html]
[blog/2019/june/maryland-attorney-general-warns-about-impostor-l/index.html]
[blog/2019/may/baltimore-boating-safety-tips-for-2019/index.html]
[blog/2019/may/baltimore-motorcycle-accidents-2019/index.html]
[blog/2018/march/what-is-the-age-of-consent-in-maryland-/index.html]
[blog/2017/august/what-are-the-penalties-in-maryland-for-possessio/index.html]
[cms/includes/wx7o4hree0w.1908271804511.css]
[blog/2018/june/maryland-drug-charges-marijuana-possession/index.html]
[blog/2018/march/what-are-the-penalties-in-maryland-for-sexting-/index.html]
[blog/2018/july/smell-of-marijuana-provides-probable-cause-to-ar/index.html]
[blog/categories/assault/index.html]
[blog/categories/bankruptcy/index.html]
[blog/categories/bad-checks/index.html]
[blog/categories/car-accidents/index.html]
[cms/includes/qehd0mszlxo.1906281604288.js]
[reviews/index.html]
[blog/categories/convictions/index.html]
[blog/categories/child-pornography/index.html]
[blog/categories/credit-card-fraud/index.html]
[blog/categories/crimes/index.html]
[blog/categories/criminal-defense/index.html]
[blog/categories/dui-dwi/index.html]
[cms/includes/oe2576kb5sv.1908271804511.css]
[case-results/index.html]
[blog/2019/index.html]
[blog/2018/index.html]
[blog/2017/index.html]
[cms/includes/f6brfszqxnv.1908271804511.css]
[images/banners/sub-banner-bg-dark.jpg]
[cms/includes/9knoul2nfym.1906281604288.js]
[about-us/index.html]
[about-us/community-involvement/index.html]
[cms/includes/wy_n14v8ehe.1908271804511.css]
[images/panels/video-system-bg-dark.jpg]
[media/vpics/What-to-Do-When-Being-Pulled-Over-for-a-DUI-Maronick-Law_20171102113252.png]
[video-center/our-videos/the-law-office-of-thomas-maronick-jr/index.html]
[video-center/our-videos/what-to-do-when-being-pulled-over-for-a-dui/index.html]
[media/vpics/What-to-Expect-for-a-Field-Sobriety-Test-Maronick-Law_20171102113401.png]
[video-center/our-videos/index.html]
[video-center/our-videos/what-to-expect-for-a-field-sobriety-test/index.html]
[images/banners/Sex-crimes.jpg]
[attorneys/index.html]
[cms/thumbnails/00/206x308/images/staff/JB2_2894.jpg]
[attorneys/thomas-j-maronick-jr-/index.html]
[cms/thumbnails/00/261x371/images/zach-b.jpg]
[attorneys/zachary-benninga/index.html]
[cms/thumbnails/00/224x285/images/staff/Henry-Roland.jpg]
[attorneys/henry-barnes/index.html]
[attorneys/steve-beadle/index.html]
[cms/thumbnails/00/236x255/images/staff/mikkethelawyer.jpg]
[attorneys/mike-mastracci/index.html]
[cms/thumbnails/00/256x343/images/Screenshot_118.png]
[attorneys/richard-i-martel-jr-/index.html]
[images/banners/white-collar-crimes.jpg]
[criminal-defense/index.html]
[images/banners/DUI.jpg]
[criminal-defense/dui-and-dwi/index.html]
[criminal-defense/bui-and-bwi/index.html]
[images/banners/police-brutality.jpg]
[criminal-defense/gun-crimes/index.html]
[images/banners/product-liability.jpg]
[criminal-defense/drug-crimes/index.html]
[images/banners/serious-traffic-defense.jpg]
[criminal-defense/violent-crimes/index.html]
[criminal-defense/federal-crimes/index.html]
[images/banners/bench-warrants.jpg]
[criminal-defense/bench-warrants/index.html]
[images/banners/car-accidents.jpg]
[criminal-defense/serious-traffic-defense/index.html]
[criminal-defense/sex-crimes/index.html]
[criminal-defense/child-pornography/index.html]
[images/banners/Theft-crimes.jpg]
[criminal-defense/theft-crimes/index.html]
[criminal-defense/white-collar-crimes/index.html]
[personal-injury/index.html]
[personal-injury/car-accidents/index.html]
[personal-injury/medical-malpractice/medication-errors/index.html]
[personal-injury/medical-malpractice/birth-injuries/index.html]
[personal-injury/medical-malpractice/hospital-errors/index.html]
[personal-injury/truck-accidents/index.html]
[personal-injury/medical-malpractice/misdiagnosis/index.html]
[images/banners/motorcycle-accidents.jpg]
[personal-injury/motorcycle-accidents/index.html]
[images/banners/airline-accidents.jpg]
[personal-injury/airline-boat-accidents/index.html]
[images/banners/bicycle-accidents.jpg]
[personal-injury/pedestrian-bicycle-accidents/index.html]
[images/banners/violent-crimes.jpg]
[personal-injury/product-liability/index.html]
[images/banners/slip-and-fall.jpg]
[personal-injury/slip-and-fall/index.html]
[images/banners/Med-mal.jpg]
[personal-injury/medical-malpractice/index.html]
[other-practice-areas/index.html]
[other-practice-areas/family-law/child-custody-and-visitation/index.html]
[images/banners/family-law.jpg]
[other-practice-areas/family-law/index.html]
[other-practice-areas/family-law/divorce/index.html]
[images/banners/bankruptcy-photo.jpg]
[other-practice-areas/bankruptcy-debt/index.html]
[other-practice-areas/police-brutality/index.html]
[other-practice-areas/real-estate-commercial-law/index.html]
[other-practice-areas/entertainment-law/index.html]
[cms/includes/rlqa19uxraf.1908271804511.css]
[cms/includes/8fittg2tmw7.1908270848568.js]
[contact-us/index.html]
[cms/includes/4welt9hw6t7.1908271804511.css]
[cms/includes/qrocdoh_8s5.1906281604288.js]
[contact-us/our-other-locations/index.html]
[cms/svg/agmh0e1vfm2.svg]
[ocean-city-criminal-defense/index.html]
[ocean-city-criminal-defense/dui/index.html]
[ocean-city-criminal-defense/drug-crimes/index.html]
[ocean-city-criminal-defense/sex-crimes/index.html]
[ocean-city-criminal-defense/assault/index.html]
[cms/includes/l6rnec62j70.1908271804511.css]
[blog/2019/september/maryland-court-rules-that-teen-involved-in-sexti/index.html]
[blog/2019/september/marijuana-smell-and-amount-under-10-grams-was-no/index.html]
[blog/2019/august/appeals-court-throws-out-womans-drug-conviction-/index.html]
[js/300/addthis_widget.js]
[cms/includes/ka7fafxxl6_.1908271804511.css]
[cms/includes/fr9uogeihhv.1906281604288.js]
[privacy-policy/index.html]
[site-map/index.html]
[css/stapcjvd39n.css]
[catonsville-criminal-defense/index.html]
[blog/2019/august/index.html]
[easton-criminal-defense/index.html]
[blog/2019/september/index.html]
[includes/fonts/source-sans-pro-2.css]
[blog/2019/june/index.html]
[blog/2019/july/index.html]
[blog/2019/april/index.html]
[POST.html]
[blog/2019/april/how-to-stay-out-of-trouble-in-ocean-city/index.html]
[blog/2019/april/maryland-bill-to-lift-limits-on-childhood-sexual/index.html]
[blog/2019/april/medstar-health-to-pay-u-s-35-million-to-resolve-/index.html]
[blog/2019/may/index.html]
[blog/2019/march/index.html]
[blog/2019/march/medication-error-causes-patients-death/index.html]
[blog/2019/march/appeals-court-revives-womans-claims-of-injury-at/index.html]
[images/blogs/blog-img-1.jpg]
[blog/2019/february/index.html]
[blog/2019/february/man-who-failed-to-register-as-a-sex-offender-fac/index.html]
[blog/2019/february/what-is-a-bench-warrant-/index.html]
[blog/2019/january/index.html]
[images/blogs/blog-img-2.jpg]
[blog/2019/january/what-is-pip-coverage-/index.html]
[blog/2019/january/police-officers-dont-have-to-specify-the-type-of/index.html]
[images/blogs/blog-img-3.jpg]
[blog/2019/january/maryland-sex-crimes-nuns/index.html]
[blog/2019/january/what-is-uninsured-underinsured-auto-insurance-co/index.html]
[blog/2018/december/index.html]
[images/blogs/blog-img-4.jpg]
[blog/2018/december/maryland-driver-was-fully-advised-of-his-rights-/index.html]
[cms/includes/twjd_t96ql9.1908271804511.css]
[blog/2018/december/court-throws-out-baltimore-medical-malpractice-c/index.html]
[blog/2018/december/woman-goes-to-hospital-for-back-surgery-but-doct/index.html]
[blog/2019/august/accused-child-sex-abusers-reputation-for-good-de/index.html]
[blog/2018/december/lawsuits-over-background-checks-show-need-for-ex/index.html]
[blog/2019/july/allstate-insurance-once-again-declares-that-balt/index.html]
[blog/2018/november/court-throws-out-evidence-resulting-from-police-/index.html]
[blog/2018/november/maryland-drivers-face-expanded-liability-under-m/index.html]
[blog/2019/july/the-statue-of-limitations-for-claims-on-your-aut/index.html]
[blog/2018/november/new-law-makes-it-illegal-for-maryland-police-off/index.html]
[blog/2018/november/what-impact-does-a-police-accident-report-have-o/index.html]
[blog/2019/june/anne-arundel-man-waived-right-to-contest-the-ter/index.html]
[blog/2018/october/law-office-of-thomas-maronick-jr-llc-named-in-to/index.html]
[blog/2018/september/index.html]
[blog/2019/june/maryland-attorney-general-warns-about-impostor-l/index.html]
[blog/2018/september/appeals-court-rejects-army-vets-attempt-to-stay-/index.html]
[blog/2018/september/bad-checks/index.html]
[blog/2019/may/baltimore-motorcycle-accidents-2019/index.html]
[blog/2018/september/credit-card-fraud/index.html]
[blog/2018/september/walmart-v-chavez/index.html]
[blog/2019/may/baltimore-boating-safety-tips-for-2019/index.html]
[blog/2018/august/maryland-drugged-driving/index.html]
[blog/2018/august/baltimore-county-pedestrians-involved-in-auto-ac/index.html]
[blog/2018/march/what-is-the-age-of-consent-in-maryland-/index.html]
[blog/2018/august/court-determines-insurance-coverage-payout-in-pr/index.html]
[blog/2018/august/court-says-rams-heads-insurance-company-will-hav/index.html]
[blog/2018/november/index.html]
[images/file0001815244794-150x150.jpg]
[blog/2017/august/what-are-the-penalties-in-maryland-for-possessio/index.html]
[blog/2018/august/law-office-of-thomas-maronick-jr-llc-named-one-o/index.html]
[blog/2018/october/index.html]
[blog/2018/june/maryland-drug-charges-marijuana-possession/index.html]
[blog/2018/july/court-revives-lawsuit-alleging-negligence-in-dea/index.html]
[blog/2018/july/maryland-car-owners-no-longer-responsible-for-dr/index.html]
[blog/2018/march/what-are-the-penalties-in-maryland-for-sexting-/index.html]
[blog/2018/july/maryland-sex-crimes-priest-minister-spiritual-ad/index.html]
[blog/2018/june/index.html]
[blog/2018/july/smell-of-marijuana-provides-probable-cause-to-ar/index.html]
[blog/2018/june/assault-on-a-police-officer/index.html]
[blog/2018/june/maryland-assault-charges/index.html]
[blog/2018/august/index.html]
[blog/2018/june/maryland-drug-charges-selling-and-distributing-m/index.html]
[blog/2018/july/index.html]
[blog/2018/may/index.html]
[cms/includes/2y5wy_gjwqa.1908271804511.css]
[blog/categories/assault/index.html]
[blog/2018/may/what-is-disorderly-conduct-in-maryland-/index.html]
[blog/2018/may/maryland-boating-accidents-in-2018-already-at-ne/index.html]
[blog/categories/bad-checks/index.html]
[blog/2018/may/drivers-can-refuse-dui-dwi-breath-test-if-proper/index.html]
[blog/2018/april/maryland-sex-crimes-what-is-the-sex-offender-reg/index.html]
[blog/categories/bankruptcy/index.html]
[blog/2018/april/maryland-sex-crimes-teacher-student-contact/index.html]
[blog/categories/car-accidents/index.html]
[blog/2018/april/slip-and-fall-at-burlington-coat-factory-store-l/index.html]
[blog/2018/march/index.html]
[blog/categories/child-pornography/index.html]
[blog/2018/may/dealing-with-a-motorcycle-accident-in-maryland/index.html]
[blog/2018/march/maryland-sex-crimes-rape-accusations/index.html]
[blog/2018/april/index.html]
[blog/categories/convictions/index.html]
[blog/2018/april/baltimore-city-resident-sues-over-flooded-baseme/index.html]
[blog/2018/march/sex-offenses-in-maryland/index.html]
[blog/categories/credit-card-fraud/index.html]
[blog/2018/january/court-rejects-mothers-attempt-to-change-paternit/index.html]
[blog/2018/january/construction-worker-who-said-he-was-not-authoriz/index.html]
[blog/categories/crimes/index.html]
[blog/2018/january/what-can-i-keep-in-a-chapter-7-bankruptcy-/index.html]
[blog/2018/january/what-are-the-debts-that-cant-be-discharged-in-a-/index.html]
[blog/categories/criminal-defense/index.html]
[blog/2017/december/index.html]
[blog/2017/december/what-are-the-damages-available-after-a-maryland-/index.html]
[blog/categories/dui-dwi/index.html]
[blog/2017/december/considering-bankruptcy-/index.html]
[blog/2018/february/index.html]
[blog/2018/february/attorney-thomas-maronick-jr-receives-avvo-client/index.html]
[blog/2019/index.html]
[blog/2017/december/heating-oil-companys-one-year-limitation-on-laws/index.html]
[blog/2018/january/index.html]
[blog/2018/index.html]
[blog/2017/october/common-medical-malpractice-claims-in-maryland-pa/index.html]
[blog/2017/october/what-happens-during-maryland-field-sobriety-test/index.html]
[blog/2017/index.html]
[blog/2017/october/facing-a-dwi-charge-in-maryland-/index.html]
[blog/2017/december/what-role-does-a-stet-play-in-maryland-criminal-/index.html]
[cms/includes/wx7o4hree0w.1908271804511.css]
[blog/2017/september/what-are-the-penalties-for-a-dui-charge-in-maryl/index.html]
[blog/2017/september/boating-under-the-influence-boating-while-intoxi/index.html]
[cms/includes/oe2576kb5sv.1908271804511.css]
[blog/2017/september/study-says-city-living-is-safer-than-country-liv/index.html]
[blog/2017/august/index.html]
[cms/includes/f6brfszqxnv.1908271804511.css]
[blog/2017/august/tips-on-auto-theft-prevention/index.html]
[blog/2017/october/index.html]
[cms/includes/wy_n14v8ehe.1908271804511.css]
[blog/2017/august/lawmakers-weigh-use-of-technology-to-cut-down-on/index.html]
[blog/2017/october/can-i-refuse-to-take-a-field-sobriety-test-or-a-/index.html]
[blog/2017/august/falls-are-the-leading-cause-of-death-in-the-cons/index.html]
[blog/2017/september/index.html]
[blog/2017/august/falling-televisions-send-a-child-to-the-er-every/index.html]
[blog/2017/july/three-common-types-of-medical-malpractice-cases/index.html]
[blog/2017/july/index.html]
[cms/includes/llmtjetmlw8.1908271804511.css]
[video-center/our-videos/the-law-office-of-thomas-maronick-jr/index.html]
[blog/2017/july/us-supreme-court-strikes-down-state-law-that-res/index.html]
[blog/2017/may/index.html]
[blog/2017/may/patients-may-leave-the-or-with-a-surgical-souven/index.html]
[blog/2017/july/auto-accidents-leading-cause-of-death-for-teens/index.html]
[blog/2017/may/maryland-accident-leaves-several-hurt/index.html]
[blog/2017/may/maryland-drug-courts-explained/index.html]
[media/What-to-Do-When-Being-Pulled-Over-for-a-DUI-Maronick-Law.mp4]
[blog/2017/april/index.html]
[video-center/our-videos/what-to-do-when-being-pulled-over-for-a-dui/index.html]
[blog/2017/april/understanding-the-charges-of-and-penalties-for-c/index.html]
[blog/2017/april/firearm-theft-in-maryland/index.html]
[blog/2017/april/limiting-your-chances-of-slipping-at-work/index.html]
[blog/2017/april/how-a-criminal-record-may-affect-your-future/index.html]
[blog/2017/april/medical-misdiagnosis-what-you-should-know/index.html]
[media/What-to-Expect-for-a-Field-Sobriety-Test-Maronick-Law.mp4]
[blog/2017/march/index.html]
[video-center/our-videos/what-to-expect-for-a-field-sobriety-test/index.html]
[blog/2017/march/looking-at-motor-vehicle-crash-statistics/index.html]
[personal-injury/medical-malpractice/birth-injuries/index.html]
[blog/2017/march/what-to-know-about-federal-identity-theft/index.html]
[blog/2017/march/what-makes-older-people-more-likely-to-fall-/index.html]
[personal-injury/medical-malpractice/hospital-errors/index.html]
[blog/2017/april/do-you-qualify-for-expungement-/index.html]
[blog/2017/march/a-criminal-defendant-deserves-procedural-due-pro/index.html]
[personal-injury/medical-malpractice/medication-errors/index.html]
[blog/2017/march/how-a-criminal-conviction-can-affect-your-medica/index.html]
[blog/2017/march/maryland-lawmakers-discuss-tougher-drunk-driving/index.html]
[personal-injury/medical-malpractice/misdiagnosis/index.html]
[video-center/index.html]
[other-practice-areas/family-law/child-custody-and-visitation/index.html]
[site-search/index.html]
[other-practice-areas/family-law/divorce/index.html]
[cms/includes/rlqa19uxraf.1908271804511.css]
[cms/includes/4welt9hw6t7.1908271804511.css]
[ocean-city-criminal-defense/assault/index.html]
[ocean-city-criminal-defense/drug-crimes/index.html]
[ocean-city-criminal-defense/sex-crimes/index.html]
[cms/includes/l6rnec62j70.1908271804511.css]
[cms/includes/ka7fafxxl6_.1908271804511.css]
[catonsville-criminal-defense/index.html]
[blog/2017/february/index.html]
[blog/2017/february/stay-safe-when-winter-weather-hits-maryland-road/index.html]
[blog/categories/index.html]
[cms/includes/jzns69irdqt.1908271804511.css]
[cms/includes/ljtmupjias1.1906281604288.js]
[easton-criminal-defense/index.html]
[blog/2019/september/index.html]
[blog/2019/august/index.html]
[blog/2019/july/index.html]
[blog/2019/june/index.html]
[blog/2019/may/index.html]
[blog/2019/april/index.html]
[blog/2019/april/how-to-stay-out-of-trouble-in-ocean-city/index.html]
[blog/2019/april/maryland-bill-to-lift-limits-on-childhood-sexual/index.html]
[blog/2019/april/medstar-health-to-pay-u-s-35-million-to-resolve-/index.html]
[blog/2019/march/index.html]
[blog/2019/march/medication-error-causes-patients-death/index.html]
[blog/2019/march/appeals-court-revives-womans-claims-of-injury-at/index.html]
[blog/2019/february/index.html]
[blog/2019/february/man-who-failed-to-register-as-a-sex-offender-fac/index.html]
[blog/2019/february/what-is-a-bench-warrant-/index.html]
[blog/2019/january/index.html]
[blog/2019/january/what-is-pip-coverage-/index.html]
[blog/2019/january/police-officers-dont-have-to-specify-the-type-of/index.html]
[blog/2019/january/maryland-sex-crimes-nuns/index.html]
[blog/2019/january/what-is-uninsured-underinsured-auto-insurance-co/index.html]
[blog/2018/december/index.html]
[blog/2018/december/maryland-driver-was-fully-advised-of-his-rights-/index.html]
[blog/2018/december/court-throws-out-baltimore-medical-malpractice-c/index.html]
[blog/2018/december/woman-goes-to-hospital-for-back-surgery-but-doct/index.html]
[blog/2018/december/lawsuits-over-background-checks-show-need-for-ex/index.html]
[blog/2018/november/index.html]
[blog/2018/november/court-throws-out-evidence-resulting-from-police-/index.html]
[blog/2018/november/maryland-drivers-face-expanded-liability-under-m/index.html]
[blog/2018/november/new-law-makes-it-illegal-for-maryland-police-off/index.html]
[blog/2018/november/what-impact-does-a-police-accident-report-have-o/index.html]
[blog/2018/october/index.html]
[blog/2018/october/law-office-of-thomas-maronick-jr-llc-named-in-to/index.html]
[blog/2018/september/index.html]
[blog/2018/september/appeals-court-rejects-army-vets-attempt-to-stay-/index.html]
[blog/2018/september/bad-checks/index.html]
[blog/2018/september/credit-card-fraud/index.html]
[blog/2018/september/walmart-v-chavez/index.html]
[blog/2018/august/index.html]
[blog/2018/august/maryland-drugged-driving/index.html]
[blog/2018/august/baltimore-county-pedestrians-involved-in-auto-ac/index.html]
[blog/2018/august/court-determines-insurance-coverage-payout-in-pr/index.html]
[blog/2018/august/court-says-rams-heads-insurance-company-will-hav/index.html]
[blog/2018/august/law-office-of-thomas-maronick-jr-llc-named-one-o/index.html]
[blog/2018/july/index.html]
[blog/2018/july/court-revives-lawsuit-alleging-negligence-in-dea/index.html]
[blog/2018/july/maryland-car-owners-no-longer-responsible-for-dr/index.html]
[blog/2018/july/maryland-sex-crimes-priest-minister-spiritual-ad/index.html]
[blog/2018/june/index.html]
[blog/2018/june/assault-on-a-police-officer/index.html]
[blog/2018/june/maryland-assault-charges/index.html]
[blog/2018/june/maryland-drug-charges-selling-and-distributing-m/index.html]
[blog/2018/may/index.html]
[blog/2018/may/what-is-disorderly-conduct-in-maryland-/index.html]
[blog/2018/may/dealing-with-a-motorcycle-accident-in-maryland/index.html]
[blog/2018/may/maryland-boating-accidents-in-2018-already-at-ne/index.html]
[blog/2018/may/drivers-can-refuse-dui-dwi-breath-test-if-proper/index.html]
[blog/2018/april/index.html]
[blog/2018/april/maryland-sex-crimes-what-is-the-sex-offender-reg/index.html]
[blog/2018/april/maryland-sex-crimes-teacher-student-contact/index.html]
[blog/2018/april/slip-and-fall-at-burlington-coat-factory-store-l/index.html]
[blog/2018/april/baltimore-city-resident-sues-over-flooded-baseme/index.html]
[blog/2018/march/index.html]
[blog/2018/march/sex-offenses-in-maryland/index.html]
[blog/2018/march/maryland-sex-crimes-rape-accusations/index.html]
[blog/2018/february/index.html]
[blog/2018/february/attorney-thomas-maronick-jr-receives-avvo-client/index.html]
[blog/2018/january/index.html]
[blog/2018/january/court-rejects-mothers-attempt-to-change-paternit/index.html]
[blog/2018/january/construction-worker-who-said-he-was-not-authoriz/index.html]
[blog/2018/january/what-can-i-keep-in-a-chapter-7-bankruptcy-/index.html]
[blog/2018/january/what-are-the-debts-that-cant-be-discharged-in-a-/index.html]
[blog/2017/december/index.html]
[blog/2017/december/what-are-the-damages-available-after-a-maryland-/index.html]
[blog/2017/december/considering-bankruptcy-/index.html]
[blog/2017/december/what-role-does-a-stet-play-in-maryland-criminal-/index.html]
[blog/2017/december/heating-oil-companys-one-year-limitation-on-laws/index.html]
[blog/2017/october/index.html]
[blog/2017/october/common-medical-malpractice-claims-in-maryland-pa/index.html]
[blog/2017/october/what-happens-during-maryland-field-sobriety-test/index.html]
[blog/2017/october/can-i-refuse-to-take-a-field-sobriety-test-or-a-/index.html]
[blog/2017/october/facing-a-dwi-charge-in-maryland-/index.html]
[images/Traffic-Stop-1-150x150.jpg]
[blog/2017/september/index.html]
[blog/2017/september/what-are-the-penalties-for-a-dui-charge-in-maryl/index.html]
[images/file7331296408357-150x150.jpg]
[blog/2017/september/boating-under-the-influence-boating-while-intoxi/index.html]
[blog/2017/september/study-says-city-living-is-safer-than-country-liv/index.html]
[images/Red-Car-150x150.jpg]
[blog/2017/august/index.html]
[blog/2017/august/tips-on-auto-theft-prevention/index.html]
[images/Television-set-150x150.jpg]
[blog/2017/august/falling-televisions-send-a-child-to-the-er-every/index.html]
[images/Distracted-Driver-150x150.jpg]
[blog/2017/august/lawmakers-weigh-use-of-technology-to-cut-down-on/index.html]
[images/Construction-Workers-on-Scaffolding-150x150.jpg]
[blog/2017/august/falls-are-the-leading-cause-of-death-in-the-cons/index.html]
[images/Doctor-150x150.jpg]
[blog/2017/july/index.html]
[blog/2017/july/three-common-types-of-medical-malpractice-cases/index.html]
[images/Pile-of-Social-Media-Tiles-150x150.jpg]
[blog/2017/july/us-supreme-court-strikes-down-state-law-that-res/index.html]
[images/Teen-driver-150x150.jpg]
[blog/2017/july/auto-accidents-leading-cause-of-death-for-teens/index.html]
[blog/2017/may/index.html]
[blog/2017/may/patients-may-leave-the-or-with-a-surgical-souven/index.html]
[blog/2017/may/maryland-accident-leaves-several-hurt/index.html]
[blog/2017/may/maryland-drug-courts-explained/index.html]
[blog/2017/april/index.html]
[blog/2017/april/limiting-your-chances-of-slipping-at-work/index.html]
[blog/2017/april/how-a-criminal-record-may-affect-your-future/index.html]
[blog/2017/april/understanding-the-charges-of-and-penalties-for-c/index.html]
[blog/2017/april/firearm-theft-in-maryland/index.html]
[blog/2017/april/medical-misdiagnosis-what-you-should-know/index.html]
[blog/2017/april/do-you-qualify-for-expungement-/index.html]
[blog/2017/march/index.html]
[blog/2017/march/looking-at-motor-vehicle-crash-statistics/index.html]
[blog/2017/march/how-a-criminal-conviction-can-affect-your-medica/index.html]
[blog/2017/march/what-to-know-about-federal-identity-theft/index.html]
[blog/2017/march/what-makes-older-people-more-likely-to-fall-/index.html]
[blog/2017/march/maryland-lawmakers-discuss-tougher-drunk-driving/index.html]
[blog/2017/march/a-criminal-defendant-deserves-procedural-due-pro/index.html]
[blog/2017/february/index.html]
[blog/2017/february/stay-safe-when-winter-weather-hits-maryland-road/index.html]
[video-center/index.html]
[site-search/index.html]
[cms/includes/2y5wy_gjwqa.1908271804511.css]
[blog/categories/index.html]
[cms/includes/llmtjetmlw8.1908271804511.css]
[cms/includes/fmk6sife16i.1908271804511.css]
[cms/includes/jzns69irdqt.1908271804511.css]
[blog/categories/firm-news/index.html]
[blog/categories/federal-crimes/index.html]
[blog/categories/general/index.html]
[blog/2018/may/maryland-boating-accidents-in-2018-already-at-ne/blog/2017/september/boating-under-the-influence-boating-while-intoxi/index.html]
[blog/categories/medical-malpractice/index.html]
[cms/includes/fmk6sife16i.1908271804511.css]
[blog/categories/personal-injury/index.html]
[blog/categories/federal-crimes/index.html]
[blog/categories/firm-news/index.html]
[blog/categories/general/index.html]
[blog/categories/possession/index.html]
[blog/categories/medical-malpractice/index.html]
[blog/categories/personal-injury/index.html]
[blog/categories/possession/index.html]
[blog/categories/slip-fall-accidents/index.html]
[blog/categories/sex-crime/index.html]
[blog/categories/sex-crime/index.html]
[blog/categories/slip-fall-accidents/index.html]
